Archive member included to satisfy reference by file (symbol)

/usr/lib/gcc/arm-none-eabi/9.2.1/../../../arm-none-eabi/lib/thumb/v6-m/nofp/libc_nano.a(lib_a-memcpy-stub.o)
                              /tmp/ccOr8lwW.o (memcpy)
/usr/lib/gcc/arm-none-eabi/9.2.1/../../../arm-none-eabi/lib/thumb/v6-m/nofp/libc_nano.a(lib_a-memset.o)
                              /tmp/ccOr8lwW.o (memset)

Discarded input sections

 .group         0x0000000000000000        0xc /tmp/ccOr8lwW.o
 .group         0x0000000000000000        0xc /tmp/ccOr8lwW.o
 .group         0x0000000000000000        0xc /tmp/ccOr8lwW.o
 .group         0x0000000000000000        0xc /tmp/ccOr8lwW.o
 .group         0x0000000000000000        0xc /tmp/ccOr8lwW.o
 .group         0x0000000000000000        0xc /tmp/ccOr8lwW.o
 .group         0x0000000000000000        0xc /tmp/ccOr8lwW.o
 .group         0x0000000000000000        0xc /tmp/ccOr8lwW.o
 .group         0x0000000000000000        0xc /tmp/ccOr8lwW.o
 .group         0x0000000000000000        0xc /tmp/ccOr8lwW.o
 .group         0x0000000000000000        0xc /tmp/ccOr8lwW.o
 .group         0x0000000000000000        0xc /tmp/ccOr8lwW.o
 .group         0x0000000000000000        0xc /tmp/ccOr8lwW.o
 .group         0x0000000000000000        0xc /tmp/ccOr8lwW.o
 .group         0x0000000000000000        0xc /tmp/ccOr8lwW.o
 .group         0x0000000000000000        0xc /tmp/ccOr8lwW.o
 .group         0x0000000000000000        0xc /tmp/ccOr8lwW.o
 .group         0x0000000000000000        0xc /tmp/ccOr8lwW.o
 .group         0x0000000000000000        0xc /tmp/ccOr8lwW.o
 .group         0x0000000000000000        0xc /tmp/ccOr8lwW.o
 .group         0x0000000000000000        0xc /tmp/ccOr8lwW.o
 .group         0x0000000000000000        0xc /tmp/ccOr8lwW.o
 .group         0x0000000000000000        0xc /tmp/ccOr8lwW.o
 .group         0x0000000000000000        0xc /tmp/ccOr8lwW.o
 .group         0x0000000000000000        0xc /tmp/ccOr8lwW.o
 .group         0x0000000000000000        0xc /tmp/ccOr8lwW.o
 .group         0x0000000000000000        0xc /tmp/ccOr8lwW.o
 .text          0x0000000000000000        0x0 /tmp/ccOr8lwW.o
 .data          0x0000000000000000        0x0 /tmp/ccOr8lwW.o
 .bss           0x0000000000000000        0x0 /tmp/ccOr8lwW.o
 .text.isHSIEnabled
                0x0000000000000000       0x10 /tmp/ccOr8lwW.o
 .data          0x0000000000000000        0x0 /usr/lib/gcc/arm-none-eabi/9.2.1/../../../arm-none-eabi/lib/thumb/v6-m/nofp/libc_nano.a(lib_a-memcpy-stub.o)
 .bss           0x0000000000000000        0x0 /usr/lib/gcc/arm-none-eabi/9.2.1/../../../arm-none-eabi/lib/thumb/v6-m/nofp/libc_nano.a(lib_a-memcpy-stub.o)
 .data          0x0000000000000000        0x0 /usr/lib/gcc/arm-none-eabi/9.2.1/../../../arm-none-eabi/lib/thumb/v6-m/nofp/libc_nano.a(lib_a-memset.o)
 .bss           0x0000000000000000        0x0 /usr/lib/gcc/arm-none-eabi/9.2.1/../../../arm-none-eabi/lib/thumb/v6-m/nofp/libc_nano.a(lib_a-memset.o)

Memory Configuration

Name             Origin             Length             Attributes
flash            0x0000000008000000 0x0000000000020000 xr
sram             0x0000000020000000 0x0000000000004000 xrw
*default*        0x0000000000000000 0xffffffffffffffff

Linker script and memory map

LOAD /tmp/ccOr8lwW.o
LOAD /usr/lib/gcc/arm-none-eabi/9.2.1/../../../arm-none-eabi/lib/thumb/v6-m/nofp/libc_nano.a
LOAD /usr/lib/gcc/arm-none-eabi/9.2.1/thumb/v6-m/nofp/libgcc.a
                0x0000000020004000                _estack = (ORIGIN (sram) + LENGTH (sram))

.vectors        0x0000000008000000       0x9c
 *(.vectors)
 .vectors       0x0000000008000000       0x9c /tmp/ccOr8lwW.o
                0x0000000008000000                vector_table

.text           0x000000000800009c      0x334
 *(.text*)
 .text.gpio_set_mode
                0x000000000800009c       0x38 /tmp/ccOr8lwW.o
 .text.uartWriteBuf.constprop.0
                0x00000000080000d4       0x20 /tmp/ccOr8lwW.o
 .text.gpioSetAF.constprop.0
                0x00000000080000f4       0x3a /tmp/ccOr8lwW.o
 *fill*         0x000000000800012e        0x2 
 .text.printHSIStatus
                0x0000000008000130       0x28 /tmp/ccOr8lwW.o
                0x0000000008000130                printHSIStatus
 .text.startup.main
                0x0000000008000158       0xf0 /tmp/ccOr8lwW.o
                0x0000000008000158                main
 .text._reset   0x0000000008000248       0x38 /tmp/ccOr8lwW.o
                0x0000000008000248                _reset
 .text          0x0000000008000280       0xa8 /usr/lib/gcc/arm-none-eabi/9.2.1/../../../arm-none-eabi/lib/thumb/v6-m/nofp/libc_nano.a(lib_a-memcpy-stub.o)
                0x0000000008000280                memcpy
 .text          0x0000000008000328       0xa8 /usr/lib/gcc/arm-none-eabi/9.2.1/../../../arm-none-eabi/lib/thumb/v6-m/nofp/libc_nano.a(lib_a-memset.o)
                0x0000000008000328                memset

.glue_7         0x00000000080003d0        0x0
 .glue_7        0x00000000080003d0        0x0 linker stubs

.glue_7t        0x00000000080003d0        0x0
 .glue_7t       0x00000000080003d0        0x0 linker stubs

.vfp11_veneer   0x00000000080003d0        0x0
 .vfp11_veneer  0x00000000080003d0        0x0 linker stubs

.v4_bx          0x00000000080003d0        0x0
 .v4_bx         0x00000000080003d0        0x0 linker stubs

.iplt           0x00000000080003d0        0x0
 .iplt          0x00000000080003d0        0x0 /tmp/ccOr8lwW.o

.rodata         0x00000000080003d0       0x92
 *(.rodata*)
 .rodata.printHSIStatus.str1.1
                0x00000000080003d0       0x23 /tmp/ccOr8lwW.o
 .rodata.main.str1.1
                0x00000000080003f3       0x6f /tmp/ccOr8lwW.o

.rel.dyn        0x0000000008000464        0x0
 .rel.iplt      0x0000000008000464        0x0 /tmp/ccOr8lwW.o

.data           0x0000000020000000        0x0 load address 0x0000000008000462
                0x0000000020000000                _sdata = .
 *(.first_data)
 *(.data SORT_BY_NAME(.data.*))
                0x0000000020000000                _edata = .
                0x0000000008000462                _srcdata = LOADADDR (.data)

.igot.plt       0x0000000020000000        0x0 load address 0x0000000008000462
 .igot.plt      0x0000000020000000        0x0 /tmp/ccOr8lwW.o

.bss            0x0000000020000000        0x0 load address 0x0000000008000462
                0x0000000020000000                _sbss = .
 *(.bss SORT_BY_NAME(.bss.*) COMMON)
                0x0000000020000000                _ebss = .
OUTPUT(firmware.elf elf32-littlearm)
LOAD linker stubs

.debug_info     0x0000000000000000     0x300a
 .debug_info    0x0000000000000000     0x11b4 /tmp/ccOr8lwW.o
 .debug_info    0x00000000000011b4      0xf35 /usr/lib/gcc/arm-none-eabi/9.2.1/../../../arm-none-eabi/lib/thumb/v6-m/nofp/libc_nano.a(lib_a-memcpy-stub.o)
 .debug_info    0x00000000000020e9      0xf21 /usr/lib/gcc/arm-none-eabi/9.2.1/../../../arm-none-eabi/lib/thumb/v6-m/nofp/libc_nano.a(lib_a-memset.o)

.debug_abbrev   0x0000000000000000      0x7ee
 .debug_abbrev  0x0000000000000000      0x430 /tmp/ccOr8lwW.o
 .debug_abbrev  0x0000000000000430      0x1e5 /usr/lib/gcc/arm-none-eabi/9.2.1/../../../arm-none-eabi/lib/thumb/v6-m/nofp/libc_nano.a(lib_a-memcpy-stub.o)
 .debug_abbrev  0x0000000000000615      0x1d9 /usr/lib/gcc/arm-none-eabi/9.2.1/../../../arm-none-eabi/lib/thumb/v6-m/nofp/libc_nano.a(lib_a-memset.o)

.debug_loc      0x0000000000000000      0xb14
 .debug_loc     0x0000000000000000      0x3b4 /tmp/ccOr8lwW.o
 .debug_loc     0x00000000000003b4      0x481 /usr/lib/gcc/arm-none-eabi/9.2.1/../../../arm-none-eabi/lib/thumb/v6-m/nofp/libc_nano.a(lib_a-memcpy-stub.o)
 .debug_loc     0x0000000000000835      0x2df /usr/lib/gcc/arm-none-eabi/9.2.1/../../../arm-none-eabi/lib/thumb/v6-m/nofp/libc_nano.a(lib_a-memset.o)

.debug_aranges  0x0000000000000000       0x90
 .debug_aranges
                0x0000000000000000       0x50 /tmp/ccOr8lwW.o
 .debug_aranges
                0x0000000000000050       0x20 /usr/lib/gcc/arm-none-eabi/9.2.1/../../../arm-none-eabi/lib/thumb/v6-m/nofp/libc_nano.a(lib_a-memcpy-stub.o)
 .debug_aranges
                0x0000000000000070       0x20 /usr/lib/gcc/arm-none-eabi/9.2.1/../../../arm-none-eabi/lib/thumb/v6-m/nofp/libc_nano.a(lib_a-memset.o)

.debug_ranges   0x0000000000000000      0x140
 .debug_ranges  0x0000000000000000      0x140 /tmp/ccOr8lwW.o

.debug_macro    0x0000000000000000     0x1da2
 .debug_macro   0x0000000000000000      0x182 /tmp/ccOr8lwW.o
 .debug_macro   0x0000000000000182      0xa72 /tmp/ccOr8lwW.o
 .debug_macro   0x0000000000000bf4       0x22 /tmp/ccOr8lwW.o
 .debug_macro   0x0000000000000c16       0x46 /tmp/ccOr8lwW.o
 .debug_macro   0x0000000000000c5c       0x18 /tmp/ccOr8lwW.o
 .debug_macro   0x0000000000000c74       0x94 /tmp/ccOr8lwW.o
 .debug_macro   0x0000000000000d08       0x3c /tmp/ccOr8lwW.o
 .debug_macro   0x0000000000000d44      0x103 /tmp/ccOr8lwW.o
 .debug_macro   0x0000000000000e47       0x3a /tmp/ccOr8lwW.o
 .debug_macro   0x0000000000000e81      0x34e /tmp/ccOr8lwW.o
 .debug_macro   0x00000000000011cf       0x82 /tmp/ccOr8lwW.o
 .debug_macro   0x0000000000001251      0x379 /tmp/ccOr8lwW.o
 .debug_macro   0x00000000000015ca       0x22 /tmp/ccOr8lwW.o
 .debug_macro   0x00000000000015ec       0x16 /tmp/ccOr8lwW.o
 .debug_macro   0x0000000000001602       0x9e /tmp/ccOr8lwW.o
 .debug_macro   0x00000000000016a0       0x8d /tmp/ccOr8lwW.o
 .debug_macro   0x000000000000172d       0x16 /tmp/ccOr8lwW.o
 .debug_macro   0x0000000000001743       0x43 /tmp/ccOr8lwW.o
 .debug_macro   0x0000000000001786       0x57 /tmp/ccOr8lwW.o
 .debug_macro   0x00000000000017dd       0x34 /tmp/ccOr8lwW.o
 .debug_macro   0x0000000000001811       0x10 /tmp/ccOr8lwW.o
 .debug_macro   0x0000000000001821       0x52 /tmp/ccOr8lwW.o
 .debug_macro   0x0000000000001873       0x71 /tmp/ccOr8lwW.o
 .debug_macro   0x00000000000018e4       0x1c /tmp/ccOr8lwW.o
 .debug_macro   0x0000000000001900      0x12a /tmp/ccOr8lwW.o
 .debug_macro   0x0000000000001a2a      0x339 /tmp/ccOr8lwW.o
 .debug_macro   0x0000000000001d63       0x16 /tmp/ccOr8lwW.o
 .debug_macro   0x0000000000001d79       0x29 /tmp/ccOr8lwW.o

.debug_line     0x0000000000000000      0xa20
 .debug_line    0x0000000000000000      0x552 /tmp/ccOr8lwW.o
 .debug_line    0x0000000000000552      0x24d /usr/lib/gcc/arm-none-eabi/9.2.1/../../../arm-none-eabi/lib/thumb/v6-m/nofp/libc_nano.a(lib_a-memcpy-stub.o)
 .debug_line    0x000000000000079f      0x281 /usr/lib/gcc/arm-none-eabi/9.2.1/../../../arm-none-eabi/lib/thumb/v6-m/nofp/libc_nano.a(lib_a-memset.o)

.debug_str      0x0000000000000000     0x8352
 .debug_str     0x0000000000000000     0x7ef7 /tmp/ccOr8lwW.o
                                       0x8198 (size before relaxing)
 .debug_str     0x0000000000007ef7      0x3bc /usr/lib/gcc/arm-none-eabi/9.2.1/../../../arm-none-eabi/lib/thumb/v6-m/nofp/libc_nano.a(lib_a-memcpy-stub.o)
                                        0x92d (size before relaxing)
 .debug_str     0x00000000000082b3       0x9f /usr/lib/gcc/arm-none-eabi/9.2.1/../../../arm-none-eabi/lib/thumb/v6-m/nofp/libc_nano.a(lib_a-memset.o)
                                        0x908 (size before relaxing)

.comment        0x0000000000000000       0xa7
 .comment       0x0000000000000000       0x59 /tmp/ccOr8lwW.o
                                         0x5a (size before relaxing)
 .comment       0x0000000000000059       0x4e /usr/lib/gcc/arm-none-eabi/9.2.1/../../../arm-none-eabi/lib/thumb/v6-m/nofp/libc_nano.a(lib_a-memcpy-stub.o)
                                         0x4f (size before relaxing)
 .comment       0x00000000000000a7       0x4f /usr/lib/gcc/arm-none-eabi/9.2.1/../../../arm-none-eabi/lib/thumb/v6-m/nofp/libc_nano.a(lib_a-memset.o)

.ARM.attributes
                0x0000000000000000       0x2c
 .ARM.attributes
                0x0000000000000000       0x2c /tmp/ccOr8lwW.o
 .ARM.attributes
                0x000000000000002c       0x2c /usr/lib/gcc/arm-none-eabi/9.2.1/../../../arm-none-eabi/lib/thumb/v6-m/nofp/libc_nano.a(lib_a-memcpy-stub.o)
 .ARM.attributes
                0x0000000000000058       0x2c /usr/lib/gcc/arm-none-eabi/9.2.1/../../../arm-none-eabi/lib/thumb/v6-m/nofp/libc_nano.a(lib_a-memset.o)

.debug_frame    0x0000000000000000      0x114
 .debug_frame   0x0000000000000000       0xb0 /tmp/ccOr8lwW.o
 .debug_frame   0x00000000000000b0       0x34 /usr/lib/gcc/arm-none-eabi/9.2.1/../../../arm-none-eabi/lib/thumb/v6-m/nofp/libc_nano.a(lib_a-memcpy-stub.o)
 .debug_frame   0x00000000000000e4       0x30 /usr/lib/gcc/arm-none-eabi/9.2.1/../../../arm-none-eabi/lib/thumb/v6-m/nofp/libc_nano.a(lib_a-memset.o)
