Archive member included to satisfy reference by file (symbol)

/usr/lib/gcc/arm-none-eabi/10.3.1/../../../arm-none-eabi/lib/thumb/v6-m/nofp/libc_nano.a(lib_a-memcpy-stub.o)
                              /tmp/ccS1HNVK.o (memcpy)
/usr/lib/gcc/arm-none-eabi/10.3.1/../../../arm-none-eabi/lib/thumb/v6-m/nofp/libc_nano.a(lib_a-memset.o)
                              /tmp/ccS1HNVK.o (memset)

Discarded input sections

 .group         0x0000000000000000        0xc /tmp/ccS1HNVK.o
 .group         0x0000000000000000        0xc /tmp/ccS1HNVK.o
 .group         0x0000000000000000        0xc /tmp/ccS1HNVK.o
 .group         0x0000000000000000        0xc /tmp/ccS1HNVK.o
 .group         0x0000000000000000        0xc /tmp/ccS1HNVK.o
 .group         0x0000000000000000        0xc /tmp/ccS1HNVK.o
 .group         0x0000000000000000        0xc /tmp/ccS1HNVK.o
 .group         0x0000000000000000        0xc /tmp/ccS1HNVK.o
 .group         0x0000000000000000        0xc /tmp/ccS1HNVK.o
 .group         0x0000000000000000        0xc /tmp/ccS1HNVK.o
 .group         0x0000000000000000        0xc /tmp/ccS1HNVK.o
 .group         0x0000000000000000        0xc /tmp/ccS1HNVK.o
 .group         0x0000000000000000        0xc /tmp/ccS1HNVK.o
 .group         0x0000000000000000        0xc /tmp/ccS1HNVK.o
 .group         0x0000000000000000        0xc /tmp/ccS1HNVK.o
 .group         0x0000000000000000        0xc /tmp/ccS1HNVK.o
 .group         0x0000000000000000        0xc /tmp/ccS1HNVK.o
 .group         0x0000000000000000        0xc /tmp/ccS1HNVK.o
 .group         0x0000000000000000        0xc /tmp/ccS1HNVK.o
 .group         0x0000000000000000        0xc /tmp/ccS1HNVK.o
 .group         0x0000000000000000        0xc /tmp/ccS1HNVK.o
 .group         0x0000000000000000        0xc /tmp/ccS1HNVK.o
 .group         0x0000000000000000        0xc /tmp/ccS1HNVK.o
 .group         0x0000000000000000        0xc /tmp/ccS1HNVK.o
 .group         0x0000000000000000        0xc /tmp/ccS1HNVK.o
 .group         0x0000000000000000        0xc /tmp/ccS1HNVK.o
 .group         0x0000000000000000        0xc /tmp/ccS1HNVK.o
 .text          0x0000000000000000        0x0 /tmp/ccS1HNVK.o
 .data          0x0000000000000000        0x0 /tmp/ccS1HNVK.o
 .bss           0x0000000000000000        0x0 /tmp/ccS1HNVK.o
 .text.timerExpired
                0x0000000000000000       0x2c /tmp/ccS1HNVK.o
 .data          0x0000000000000000        0x0 /usr/lib/gcc/arm-none-eabi/10.3.1/../../../arm-none-eabi/lib/thumb/v6-m/nofp/libc_nano.a(lib_a-memcpy-stub.o)
 .bss           0x0000000000000000        0x0 /usr/lib/gcc/arm-none-eabi/10.3.1/../../../arm-none-eabi/lib/thumb/v6-m/nofp/libc_nano.a(lib_a-memcpy-stub.o)
 .data          0x0000000000000000        0x0 /usr/lib/gcc/arm-none-eabi/10.3.1/../../../arm-none-eabi/lib/thumb/v6-m/nofp/libc_nano.a(lib_a-memset.o)
 .bss           0x0000000000000000        0x0 /usr/lib/gcc/arm-none-eabi/10.3.1/../../../arm-none-eabi/lib/thumb/v6-m/nofp/libc_nano.a(lib_a-memset.o)

Memory Configuration

Name             Origin             Length             Attributes
flash            0x0000000008000000 0x0000000000020000 xr
sram             0x0000000020000000 0x0000000000004000 xrw
*default*        0x0000000000000000 0xffffffffffffffff

Linker script and memory map

LOAD /tmp/ccS1HNVK.o
LOAD /usr/lib/gcc/arm-none-eabi/10.3.1/../../../arm-none-eabi/lib/thumb/v6-m/nofp/libc_nano.a
LOAD /usr/lib/gcc/arm-none-eabi/10.3.1/thumb/v6-m/nofp/libgcc.a
                0x0000000020004000                _estack = (ORIGIN (sram) + LENGTH (sram))

.vectors        0x0000000008000000       0x9c
 *(.vectors)
 .vectors       0x0000000008000000       0x9c /tmp/ccS1HNVK.o
                0x0000000008000000                vector_table

.text           0x000000000800009c      0x2d0
 *(.text*)
 .text.gpio_set_mode
                0x000000000800009c       0x38 /tmp/ccS1HNVK.o
 .text.spin     0x00000000080000d4       0x12 /tmp/ccS1HNVK.o
 *fill*         0x00000000080000e6        0x2 
 .text.SysTick_Handler
                0x00000000080000e8       0x10 /tmp/ccS1HNVK.o
                0x00000000080000e8                SysTick_Handler
 .text.gpioSetAF.constprop.0
                0x00000000080000f8       0x3a /tmp/ccS1HNVK.o
 *fill*         0x0000000008000132        0x2 
 .text.startup.main
                0x0000000008000134       0xa0 /tmp/ccS1HNVK.o
                0x0000000008000134                main
 .text._reset   0x00000000080001d4       0x4c /tmp/ccS1HNVK.o
                0x00000000080001d4                _reset
 .text          0x0000000008000220       0xa4 /usr/lib/gcc/arm-none-eabi/10.3.1/../../../arm-none-eabi/lib/thumb/v6-m/nofp/libc_nano.a(lib_a-memcpy-stub.o)
                0x0000000008000220                memcpy
 .text          0x00000000080002c4       0xa8 /usr/lib/gcc/arm-none-eabi/10.3.1/../../../arm-none-eabi/lib/thumb/v6-m/nofp/libc_nano.a(lib_a-memset.o)
                0x00000000080002c4                memset

.glue_7         0x000000000800036c        0x0
 .glue_7        0x000000000800036c        0x0 linker stubs

.glue_7t        0x000000000800036c        0x0
 .glue_7t       0x000000000800036c        0x0 linker stubs

.vfp11_veneer   0x000000000800036c        0x0
 .vfp11_veneer  0x000000000800036c        0x0 linker stubs

.v4_bx          0x000000000800036c        0x0
 .v4_bx         0x000000000800036c        0x0 linker stubs

.iplt           0x000000000800036c        0x0
 .iplt          0x000000000800036c        0x0 /tmp/ccS1HNVK.o

.rodata         0x000000000800036c        0x5
 *(.rodata*)
 .rodata.main.str1.1
                0x000000000800036c        0x5 /tmp/ccS1HNVK.o

.rel.dyn        0x0000000008000374        0x0
 .rel.iplt      0x0000000008000374        0x0 /tmp/ccS1HNVK.o

.data           0x0000000020000000        0x0 load address 0x0000000008000371
                0x0000000020000000                _sdata = .
 *(.first_data)
 *(.data SORT_BY_NAME(.data.*))
                0x0000000020000000                _edata = .
                0x0000000008000371                _srcdata = LOADADDR (.data)

.igot.plt       0x0000000020000000        0x0 load address 0x0000000008000371
 .igot.plt      0x0000000020000000        0x0 /tmp/ccS1HNVK.o

.bss            0x0000000020000000        0x4 load address 0x0000000008000371
                0x0000000020000000                _sbss = .
 *(.bss SORT_BY_NAME(.bss.*) COMMON)
 .bss.s_ticks   0x0000000020000000        0x4 /tmp/ccS1HNVK.o
                0x0000000020000004                _ebss = .
OUTPUT(firmware.elf elf32-littlearm)
LOAD linker stubs

.debug_info     0x0000000000000000      0xb35
 .debug_info    0x0000000000000000      0x89c /tmp/ccS1HNVK.o
 .debug_info    0x000000000000089c      0x15c /usr/lib/gcc/arm-none-eabi/10.3.1/../../../arm-none-eabi/lib/thumb/v6-m/nofp/libc_nano.a(lib_a-memcpy-stub.o)
 .debug_info    0x00000000000009f8      0x13d /usr/lib/gcc/arm-none-eabi/10.3.1/../../../arm-none-eabi/lib/thumb/v6-m/nofp/libc_nano.a(lib_a-memset.o)

.debug_abbrev   0x0000000000000000      0x469
 .debug_abbrev  0x0000000000000000      0x2ee /tmp/ccS1HNVK.o
 .debug_abbrev  0x00000000000002ee       0xc7 /usr/lib/gcc/arm-none-eabi/10.3.1/../../../arm-none-eabi/lib/thumb/v6-m/nofp/libc_nano.a(lib_a-memcpy-stub.o)
 .debug_abbrev  0x00000000000003b5       0xb4 /usr/lib/gcc/arm-none-eabi/10.3.1/../../../arm-none-eabi/lib/thumb/v6-m/nofp/libc_nano.a(lib_a-memset.o)

.debug_loc      0x0000000000000000      0xa67
 .debug_loc     0x0000000000000000      0x36d /tmp/ccS1HNVK.o
 .debug_loc     0x000000000000036d      0x457 /usr/lib/gcc/arm-none-eabi/10.3.1/../../../arm-none-eabi/lib/thumb/v6-m/nofp/libc_nano.a(lib_a-memcpy-stub.o)
 .debug_loc     0x00000000000007c4      0x2a3 /usr/lib/gcc/arm-none-eabi/10.3.1/../../../arm-none-eabi/lib/thumb/v6-m/nofp/libc_nano.a(lib_a-memset.o)

.debug_aranges  0x0000000000000000       0x90
 .debug_aranges
                0x0000000000000000       0x50 /tmp/ccS1HNVK.o
 .debug_aranges
                0x0000000000000050       0x20 /usr/lib/gcc/arm-none-eabi/10.3.1/../../../arm-none-eabi/lib/thumb/v6-m/nofp/libc_nano.a(lib_a-memcpy-stub.o)
 .debug_aranges
                0x0000000000000070       0x20 /usr/lib/gcc/arm-none-eabi/10.3.1/../../../arm-none-eabi/lib/thumb/v6-m/nofp/libc_nano.a(lib_a-memset.o)

.debug_ranges   0x0000000000000000       0xe8
 .debug_ranges  0x0000000000000000       0xe8 /tmp/ccS1HNVK.o

.debug_macro    0x0000000000000000     0x1d6c
 .debug_macro   0x0000000000000000      0x182 /tmp/ccS1HNVK.o
 .debug_macro   0x0000000000000182      0xa42 /tmp/ccS1HNVK.o
 .debug_macro   0x0000000000000bc4       0x22 /tmp/ccS1HNVK.o
 .debug_macro   0x0000000000000be6       0x46 /tmp/ccS1HNVK.o
 .debug_macro   0x0000000000000c2c       0x18 /tmp/ccS1HNVK.o
 .debug_macro   0x0000000000000c44       0x94 /tmp/ccS1HNVK.o
 .debug_macro   0x0000000000000cd8       0x3c /tmp/ccS1HNVK.o
 .debug_macro   0x0000000000000d14      0x103 /tmp/ccS1HNVK.o
 .debug_macro   0x0000000000000e17       0x3a /tmp/ccS1HNVK.o
 .debug_macro   0x0000000000000e51      0x34e /tmp/ccS1HNVK.o
 .debug_macro   0x000000000000119f       0x82 /tmp/ccS1HNVK.o
 .debug_macro   0x0000000000001221      0x379 /tmp/ccS1HNVK.o
 .debug_macro   0x000000000000159a       0x22 /tmp/ccS1HNVK.o
 .debug_macro   0x00000000000015bc       0x16 /tmp/ccS1HNVK.o
 .debug_macro   0x00000000000015d2       0x9e /tmp/ccS1HNVK.o
 .debug_macro   0x0000000000001670       0x8d /tmp/ccS1HNVK.o
 .debug_macro   0x00000000000016fd       0x16 /tmp/ccS1HNVK.o
 .debug_macro   0x0000000000001713       0x43 /tmp/ccS1HNVK.o
 .debug_macro   0x0000000000001756       0x57 /tmp/ccS1HNVK.o
 .debug_macro   0x00000000000017ad       0x34 /tmp/ccS1HNVK.o
 .debug_macro   0x00000000000017e1       0x10 /tmp/ccS1HNVK.o
 .debug_macro   0x00000000000017f1       0x52 /tmp/ccS1HNVK.o
 .debug_macro   0x0000000000001843       0x71 /tmp/ccS1HNVK.o
 .debug_macro   0x00000000000018b4       0x1c /tmp/ccS1HNVK.o
 .debug_macro   0x00000000000018d0      0x12a /tmp/ccS1HNVK.o
 .debug_macro   0x00000000000019fa      0x333 /tmp/ccS1HNVK.o
 .debug_macro   0x0000000000001d2d       0x16 /tmp/ccS1HNVK.o
 .debug_macro   0x0000000000001d43       0x29 /tmp/ccS1HNVK.o

.debug_line     0x0000000000000000      0x81c
 .debug_line    0x0000000000000000      0x499 /tmp/ccS1HNVK.o
 .debug_line    0x0000000000000499      0x1b5 /usr/lib/gcc/arm-none-eabi/10.3.1/../../../arm-none-eabi/lib/thumb/v6-m/nofp/libc_nano.a(lib_a-memcpy-stub.o)
 .debug_line    0x000000000000064e      0x1ce /usr/lib/gcc/arm-none-eabi/10.3.1/../../../arm-none-eabi/lib/thumb/v6-m/nofp/libc_nano.a(lib_a-memset.o)

.debug_str      0x0000000000000000     0x7c04
 .debug_str     0x0000000000000000     0x7a23 /tmp/ccS1HNVK.o
                                       0x7c4e (size before relaxing)
 .debug_str     0x0000000000007a23      0x13b /usr/lib/gcc/arm-none-eabi/10.3.1/../../../arm-none-eabi/lib/thumb/v6-m/nofp/libc_nano.a(lib_a-memcpy-stub.o)
                                        0x1de (size before relaxing)
 .debug_str     0x0000000000007b5e       0xa6 /usr/lib/gcc/arm-none-eabi/10.3.1/../../../arm-none-eabi/lib/thumb/v6-m/nofp/libc_nano.a(lib_a-memset.o)
                                        0x1b9 (size before relaxing)

.comment        0x0000000000000000       0x33
 .comment       0x0000000000000000       0x33 /tmp/ccS1HNVK.o
                                         0x34 (size before relaxing)
 .comment       0x0000000000000033       0x34 /usr/lib/gcc/arm-none-eabi/10.3.1/../../../arm-none-eabi/lib/thumb/v6-m/nofp/libc_nano.a(lib_a-memcpy-stub.o)
 .comment       0x0000000000000033       0x34 /usr/lib/gcc/arm-none-eabi/10.3.1/../../../arm-none-eabi/lib/thumb/v6-m/nofp/libc_nano.a(lib_a-memset.o)

.ARM.attributes
                0x0000000000000000       0x2c
 .ARM.attributes
                0x0000000000000000       0x2c /tmp/ccS1HNVK.o
 .ARM.attributes
                0x000000000000002c       0x2c /usr/lib/gcc/arm-none-eabi/10.3.1/../../../arm-none-eabi/lib/thumb/v6-m/nofp/libc_nano.a(lib_a-memcpy-stub.o)
 .ARM.attributes
                0x0000000000000058       0x2c /usr/lib/gcc/arm-none-eabi/10.3.1/../../../arm-none-eabi/lib/thumb/v6-m/nofp/libc_nano.a(lib_a-memset.o)

.debug_frame    0x0000000000000000      0x114
 .debug_frame   0x0000000000000000       0xb0 /tmp/ccS1HNVK.o
 .debug_frame   0x00000000000000b0       0x34 /usr/lib/gcc/arm-none-eabi/10.3.1/../../../arm-none-eabi/lib/thumb/v6-m/nofp/libc_nano.a(lib_a-memcpy-stub.o)
 .debug_frame   0x00000000000000e4       0x30 /usr/lib/gcc/arm-none-eabi/10.3.1/../../../arm-none-eabi/lib/thumb/v6-m/nofp/libc_nano.a(lib_a-memset.o)
